[2026-07-26 12:43:06.655] info: [import] Diagnostic log file: /home/wesleywai/repos/hktramways-client-site/backend/import_1785037386653.log (info-level messages are written here even without --verbose)
[2026-07-26 12:43:06.655] info: [local-destination-provider] validating options

[2026-07-26 12:43:06.710] info: [file-source-provider] getting metadata

[2026-07-26 12:43:06.711] info: [local-destination-provider] getting metadata

[2026-07-26 12:43:06.711] info: [file-source-provider] getting metadata

[2026-07-26 12:43:06.711] info: [local-destination-provider] getting metadata

[2026-07-26 12:43:06.711] info: [file-source-provider] getting schemas

[2026-07-26 12:43:06.711] info: [file-source-provider] creating schemas read stream

[2026-07-26 12:43:06.760] info: [local-destination-provider] getting schema

[2026-07-26 12:43:06.770] info: [local-destination-provider] deleting all assets

[2026-07-26 12:43:11.875] info: [local-destination-provider] deleted all assets

[2026-07-26 12:43:11.876] info: [local-destination-provider] deleting record 

[2026-07-26 12:43:32.293] info: [file-source-provider] creating schemas read stream

[2026-07-26 12:43:32.294] info: [file-source-provider] creating entities read stream

[2026-07-26 12:43:32.294] info: [local-destination-provider] creating entities stream

[2026-07-26 12:43:53.634] info: [file-source-provider] creating assets read stream

[2026-07-26 12:43:53.634] info: [local-destination-provider] creating assets write stream

[2026-07-26 12:44:16.574] info: [file-source-provider] creating links read stream

[2026-07-26 12:44:16.575] info: [local-destination-provider] creating links write stream

[2026-07-26 12:44:26.411] info: [file-source-provider] creating configuration read stream

[2026-07-26 12:44:26.412] info: [local-destination-provider] creating configuration write stream

